// Vitest Snapshot v1

exports[`should render 1`] = `
"<v-dialog model-value=\\"true\\" persistent=\\"\\">
  <v-card>
    <v-card-title>edit_raw_value</v-card-title>
    <v-card-text>
      <interface-system-raw-editor type=\\"undefined\\" disabled=\\"false\\" language=\\"plaintext\\" placeholder=\\"enter_raw_value\\"></interface-system-raw-editor>
    </v-card-text>
    <v-card-actions>
      <v-button secondary=\\"\\">cancel</v-button>
      <v-button>done</v-button>
    </v-card-actions>
  </v-card>
</v-dialog>"
`;
